[0/2] Re-checking globbed directories...
ninja: no work to do.
[CPS] federation joined; network PMU->PDC ready (latency 200 ms)
[CPS] received 14 voltages from GridPACK; now transporting over NS-3 network
[PMU] sent over network: bus=1;V=1.06
[PMU] sent over network: bus=2;V=1.045
[PMU] sent over network: bus=3;V=1.01
[PMU] sent over network: bus=4;V=1.01767
[PMU] sent over network: bus=5;V=1.01951
[PMU] sent over network: bus=6;V=1.07
[PMU] sent over network: bus=7;V=1.06152
[PMU] sent over network: bus=8;V=1.09
[PMU] sent over network: bus=9;V=1.05593
[PMU] sent over network: bus=10;V=1.05099
[PMU] sent over network: bus=11;V=1.05691
[PMU] sent over network: bus=12;V=1.05519
[PMU] sent over network: bus=13;V=1.05038
[PMU] sent over network: bus=14;V=1.03553
[PDC] total bytes received: 201
[CPS] finalized
