[CPS] scenario=web latency=20ms loss=20% attack=OFF
[LOSS] bus 1 packet dropped (targeted)
[PMU-node0] sent bus=2 V=1.045 into network
[PDC-node1] received bus=2 V=1.045 (delay 20.0344 ms)
[PMU-node0] sent bus=3 V=1.01 into network
[PDC-node1] received bus=3 V=1.01 (delay 20.0336 ms)
[PMU-node0] sent bus=4 V=1.01767 into network
[PDC-node1] received bus=4 V=1.01767 (delay 20.036 ms)
[PMU-node0] sent bus=5 V=1.01951 into network
[PDC-node1] received bus=5 V=1.01951 (delay 20.036 ms)
[PMU-node0] sent bus=6 V=1.07 into network
[PDC-node1] received bus=6 V=1.07 (delay 20.0336 ms)
[PMU-node0] sent bus=7 V=1.06152 into network
[PDC-node1] received bus=7 V=1.06152 (delay 20.036 ms)
[PMU-node0] sent bus=8 V=1.09 into network
[PMU-node0] sent bus=9 V=1.05593 into network
[PDC-node1] received bus=9 V=1.05593 (delay 20.036 ms)
[PMU-node0] sent bus=10 V=1.05099 into network
[PDC-node1] received bus=10 V=1.05099 (delay 20.0368 ms)
[PMU-node0] sent bus=11 V=1.05691 into network
[PDC-node1] received bus=11 V=1.05691 (delay 20.0368 ms)
[PMU-node0] sent bus=12 V=1.05519 into network
[PDC-node1] received bus=12 V=1.05519 (delay 20.0368 ms)
[PMU-node0] sent bus=13 V=1.05038 into network
[PDC-node1] received bus=13 V=1.05038 (delay 20.0368 ms)
[PMU-node0] sent bus=14 V=1.03553 into network
[PDC-node1] received bus=14 V=1.03553 (delay 20.0368 ms)
[CPS] SUMMARY: delivered 12/14, violations seen 0, MISSED violations (hidden by attack) 0
